V3 11
FL //homes/mcjize/HELL/NEANDER/ipcore_dir/RAM.vhd 2016/06/09.16:39:51 P.20131013
EN work/RAM 1465502935 FL //homes/mcjize/HELL/NEANDER/ipcore_dir/RAM.vhd \
      PB ieee/std_logic_1164 1381692176
AR work/RAM/RAM_a 1465502936 \
      FL //homes/mcjize/HELL/NEANDER/ipcore_dir/RAM.vhd EN work/RAM 1465502935
FL //homes/mcjize/HELL/NEANDER/NEANDER.vhd 2016/06/09.16:41:04 P.20131013
EN work/NEANDER 1465502937 FL //homes/mcjize/HELL/NEANDER/NEANDER.vhd \
      PB ieee/std_logic_1164 1381692176 PB ieee/std_logic_arith 1381692177 \
      PB ieee/STD_LOGIC_UNSIGNED 1381692179
AR work/NEANDER/Behavioral 1465502938 \
      FL //homes/mcjize/HELL/NEANDER/NEANDER.vhd EN work/NEANDER 1465502937 CP RAM
FL //homes/mcjize/HELL/NEANDER/PLACA.vhd 2016/06/09.16:49:20 P.20131013
EN work/PLACA 1465502939 FL //homes/mcjize/HELL/NEANDER/PLACA.vhd \
      PB ieee/std_logic_1164 1381692176 PB ieee/std_logic_arith 1381692177 \
      PB ieee/STD_LOGIC_UNSIGNED 1381692179
AR work/PLACA/Behavioral 1465502940 \
      FL //homes/mcjize/HELL/NEANDER/PLACA.vhd EN work/PLACA 1465502939 CP NEANDER
